// Jest Snapshot v1, https://goo.gl/fbAQLP

exports[`BookForm Has a valid snapshot 1`] = `
<form>
  <label
    htmlFor="title"
  >
    Book Title:
    <input
      id="title"
      name="title"
      type="title"
    />
  </label>
  <label
    htmlFor="categories"
  >
    Choose a car:
    <select
      id="categories"
      name="categories"
    >
      <option
        value="Action"
      >
        Action
      </option>
      <option
        value="Biography"
      >
        Biography
      </option>
      <option
        value="History"
      >
        History
      </option>
      <option
        value="Horror"
      >
        Horror
      </option>
      <option
        value="Kids"
      >
        Kids
      </option>
      <option
        value="Learning"
      >
        Learning
      </option>
      <option
        value="Sci-Fi"
      >
        Sci-Fi
      </option>
    </select>
  </label>
</form>
`;
